🚀 [23:10:01] BẮT ĐẦU QUY TRÌNH DEPLOY LANDING PAGE
📝 File log trận này: logs/deploy_20260705_231001.log
--------------------------------------------------------
📦 [1/4] Đang build dự án Next.js (Standalone mode) trên máy thật...

> next-cadsquad@0.1.0 build
> next build

   ▲ Next.js 15.3.9
   - Environments: .env

   Creating an optimized production build ...
(node:74826) [DEP0205] DeprecationWarning: `module.register()` is deprecated. Use `module.registerHooks()` instead.
(Use `node --trace-deprecation ...` to show where the warning was created)
(node:74826) [MODULE_TYPELESS_PACKAGE_JSON] Warning: Module type of file:///Users/duongcao/Documents/00.%20Project/cadsquad.vn/src/lib/hero.ts?id=1783267805491 is not specified and it doesn't parse as CommonJS.
Reparsing as ES module because module syntax was detected. This incurs a performance overhead.
To eliminate this warning, add "type": "module" to /Users/duongcao/Documents/00. Project/cadsquad.vn/package.json.
(Use `node --trace-warnings ...` to show where the warning was created)
 ✓ Compiled successfully in 4.0s
   Linting and checking validity of types ...
Failed to compile.

./src/shared/hooks/use-header-navigates.ts:30:17
Type error: Expected 1 arguments, but got 2.

[0m [90m 28 |[39m             buildHeaderNavigates([0m
[0m [90m 29 |[39m                 cadServices [33m?[39m[33m?[39m [33mCAD_SERVICES[39m[33m,[39m[0m
[0m[31m[1m>[22m[39m[90m 30 |[39m                 digitalServices [33m?[39m[33m?[39m [33mCAD_SERVICES[39m[0m
[0m [90m    |[39m                 [31m[1m^[22m[39m[0m
[0m [90m 31 |[39m             )[33m,[39m[0m
[0m [90m 32 |[39m         [cadServices[33m,[39m digitalServices][0m
[0m [90m 33 |[39m     )[0m
Next.js build worker exited with code: 1 and signal: null
❌ LỖI: Build Next.js thất bại! Dừng deploy ngay lập tức.
